[1/1] 远程执行: ross - targz . ../ross-site.tar.gz
已连接到远程机器: ross
[1/9] 远程执行: ross - targz . ../ross-site.tar.gz
开始执行远程命令 [1/9]: targz . ../ross-site.tar.gz
执行特殊命令	targz . ../ross-site.tar.gz
压缩成功
远程命令执行完成: targz . ../ross-site.tar.gz
[2/9] 远程执行: ross - upload ../ross-site.tar.gz /tmp/ross-site.tar.gz
开始执行远程命令 [2/9]: upload ../ross-site.tar.gz /tmp/ross-site.tar.gz
执行特殊命令	upload ../ross-site.tar.gz /tmp/ross-site.tar.gz
进度: 0.15%, 速度: 128000.00 KB/s
进度: 0.29%, 速度: 466.72 KB/s
进度: 0.58%, 速度: 661.83 KB/s
进度: 1.17%, 速度: 932.08 KB/s
进度: 3.80%, 速度: 2512.21 KB/s
进度: 5.12%, 速度: 2719.78 KB/s
进度: 8.33%, 速度: 3894.67 KB/s
进度: 11.26%, 速度: 4486.04 KB/s
进度: 14.62%, 速度: 5283.97 KB/s
进度: 17.40%, 速度: 5545.11 KB/s
进度: 20.62%, 速度: 6072.37 KB/s
进度: 23.83%, 速度: 6330.34 KB/s
进度: 26.90%, 速度: 6686.86 KB/s
进度: 29.97%, 速度: 6823.09 KB/s
进度: 33.48%, 速度: 7198.35 KB/s
进度: 36.55%, 速度: 7279.47 KB/s
进度: 39.62%, 速度: 7505.94 KB/s
进度: 43.13%, 速度: 7830.51 KB/s
进度: 45.62%, 速度: 7782.06 KB/s
进度: 48.69%, 速度: 7957.26 KB/s
进度: 52.05%, 速度: 8199.12 KB/s
进度: 54.54%, 速度: 8139.58 KB/s
进度: 57.90%, 速度: 8319.39 KB/s
进度: 61.41%, 速度: 8378.50 KB/s
进度: 64.77%, 速度: 8567.24 KB/s
进度: 67.26%, 速度: 8619.64 KB/s
进度: 70.62%, 速度: 8642.14 KB/s
进度: 73.98%, 速度: 8774.69 KB/s
进度: 77.49%, 速度: 8805.13 KB/s
进度: 80.86%, 速度: 8923.35 KB/s
进度: 83.78%, 速度: 9015.88 KB/s
进度: 86.71%, 速度: 8993.87 KB/s
进度: 89.78%, 速度: 9096.68 KB/s
进度: 92.41%, 速度: 9138.02 KB/s
进度: 95.19%, 速度: 9200.87 KB/s
进度: 98.26%, 速度: 9187.19 KB/s
进度: 100.00%, 速度: 9106.34 KB/s
将文件从..\ross-site.tar.gz传输至/tmp/ross-site.tar.gz共85.49 MB
远程命令执行完成: upload ../ross-site.tar.gz /tmp/ross-site.tar.gz
[3/9] 远程执行: ross - mkdir -p /usr/share/nginx/html
开始执行远程命令 [3/9]: mkdir -p /usr/share/nginx/html
执行命令	mkdir -p /usr/share/nginx/html
远程命令执行完成: mkdir -p /usr/share/nginx/html
[4/9] 远程执行: ross - rm -rf /usr/share/nginx/html/*
开始执行远程命令 [4/9]: rm -rf /usr/share/nginx/html/*
执行命令	rm -rf /usr/share/nginx/html/*
远程命令执行完成: rm -rf /usr/share/nginx/html/*
[5/9] 远程执行: ross - tar -xzf /tmp/ross-site.tar.gz -C /usr/share/nginx/html
开始执行远程命令 [5/9]: tar -xzf /tmp/ross-site.tar.gz -C /usr/share/nginx/html
执行命令	tar -xzf /tmp/ross-site.tar.gz -C /usr/share/nginx/html
远程命令执行完成: tar -xzf /tmp/ross-site.tar.gz -C /usr/share/nginx/html
[6/9] 远程执行: ross - rm -rf /usr/share/nginx/html/.git
开始执行远程命令 [6/9]: rm -rf /usr/share/nginx/html/.git
执行命令	rm -rf /usr/share/nginx/html/.git
远程命令执行完成: rm -rf /usr/share/nginx/html/.git
[7/9] 远程执行: ross - rm -rf /usr/share/nginx/html/git
开始执行远程命令 [7/9]: rm -rf /usr/share/nginx/html/git
执行命令	rm -rf /usr/share/nginx/html/git
远程命令执行完成: rm -rf /usr/share/nginx/html/git
[8/9] 远程执行: ross - rm -f /tmp/ross-site.tar.gz
开始执行远程命令 [8/9]: rm -f /tmp/ross-site.tar.gz
执行命令	rm -f /tmp/ross-site.tar.gz
远程命令执行完成: rm -f /tmp/ross-site.tar.gz
[9/9] 远程执行: ross - nginx -s reload
开始执行远程命令 [9/9]: nginx -s reload
执行命令	nginx -s reload
远程命令执行完成: nginx -s reload
[10/9] 远程执行完成: ross
所有远程命令执行完毕，机器: ross
[2/1] 执行完毕
上传站点执行完毕
